binder_shadows_provided_state.cardlang:22:5: error: binder 'limit' is spelled like state 'limit', which library 'poker_betting' provides — wherever this name is in scope the bare word is the binder, so the provided variable cannot be read there, and nothing in this file says the spelling was taken: rename the binder
