hidden_read_blind_draw.cardlang:21:36: error: a chosen movement's source is the pool seat 0 picks from, but it reads the cards in `hand[1]`, which seat 0 cannot see, so the pick would name cards the chooser cannot see. Pick from cards the chooser can see; a blind pick from cards the chooser cannot see (Old Maid's draw) needs a pick by position, which the language does not have yet (issue #756)
