missing_players_and_cards.cardlang:4:1: error: game 'MissingBoth' must declare `players: <n>` (or `players: <lo> .. <hi>`) — the seat count that sizes every per-player zone and the turn ring
missing_players_and_cards.cardlang:4:1: error: game 'MissingBoth' must declare `players: <n>` (or `players: <lo> .. <hi>`) — the seat count that sizes every per-player zone and the turn ring
missing_players_and_cards.cardlang:4:1: error: game 'MissingBoth' must declare `cards: <deck>` — the deck it is played with (e.g. `cards: standard52`)
