primitives_scoped_read_offer_from_move_type.cardlang:13:12: error: move type `note` calls `pinochle_meld_value`, which reads state declared in phase `outer`, and this offer of `note` sits inside move type `relay` — the analysis does not follow offers made from inside another move type, so there is no position to judge and the scope cannot be established; offer `note` from a statement inside `outer`
