primitives_scoped_read_offer_from_define.cardlang:12:3: error: move type `note` calls `pinochle_meld_value`, which reads state declared in phase `outer`, and this offer of `note` sits inside the body of `define pick` — the analysis does not follow offers made from inside a `define` body, so there is no position to judge and the scope cannot be established; offer `note` from a statement inside `outer`
