ranking_mixed_convention_and_ranks.cardlang:6:1: error: ranking: names unknown rank 'aces' — not a rank of deck 'standard52' (known ranks: 10, 2, 3, 4, 5, 6, 7, 8, 9, A, J, K, Q)  (did you mean a ranking convention? one of: ace-ten, aces high, aces low, twos high)
ranking_mixed_convention_and_ranks.cardlang:6:1: error: ranking: names unknown rank 'aces' — not a rank of deck 'standard52' (known ranks: 10, 2, 3, 4, 5, 6, 7, 8, 9, A, J, K, Q)  (did you mean a ranking convention? one of: ace-ten, aces high, aces low, twos high)
ranking_mixed_convention_and_ranks.cardlang:6:1: error: ranking: names unknown rank 'high' — not a rank of deck 'standard52' (known ranks: 10, 2, 3, 4, 5, 6, 7, 8, 9, A, J, K, Q)  (did you mean a ranking convention? one of: ace-ten, aces high, aces low, twos high)
