unknown_type_move_param.cardlang:21:1: error: move 'mv' has unsupported parameter domain 'Integar' (expected Player, Suit, Suit?, Rank, or Card)
unknown_type_move_param.cardlang:21:1: error: move 'mv' has unsupported parameter domain 'Integar' (expected Player, Suit, Suit?, Rank, or Card)
unknown_type_move_param.cardlang:21:1: error: move type `mv` is never offered: no reachable `offer` presents it, so no seat can ever play it. Present it at an offering the game reaches, or delete it
